2026-02-06 18:10:43,861 | INFO | Planner generating execution plan...
2026-02-06 18:10:45,935 | INFO | Plan generated successfully
2026-02-06 18:10:45,936 | INFO | Executing DAG-based multi-agent workflow...
2026-02-06 18:10:45,936 | INFO | Executing Researcher task...
2026-02-06 18:10:53,111 | INFO | Executing Analyst task...
2026-02-06 18:11:00,448 | INFO | Executing Coder task...
2026-02-06 18:11:18,064 | INFO | Executing Critic task...
2026-02-06 18:11:28,148 | INFO | Executing Optimizer task...
2026-02-06 18:11:42,194 | INFO | Executing Validator task...
2026-02-06 18:11:48,916 | INFO | Executing Reporter (Final Compilation)...
2026-02-06 18:25:02,174 | INFO | Planner generating execution plan...
2026-02-06 18:25:07,751 | INFO | Plan generated successfully
2026-02-06 18:25:07,751 | INFO | Executing DAG-based multi-agent workflow...
2026-02-06 18:25:07,751 | INFO | Executing Researcher task...
2026-02-06 18:25:15,141 | INFO | Executing Analyst task...
2026-02-06 18:25:23,961 | INFO | Executing Coder task...
2026-02-06 18:25:46,508 | INFO | Executing Critic task...
2026-02-06 18:25:58,695 | INFO | Executing Optimizer task...
2026-02-06 18:26:12,744 | INFO | Executing Validator task...
2026-02-06 18:26:26,299 | INFO | Executing Reporter (Final Compilation)...
2026-02-06 18:26:51,870 | INFO | Reporter output saved -> outputs/give_me_a_complete_executable_plan_to_start_a_spectacles_business_in_noida.md
2026-02-06 19:19:26,473 | INFO | Planner generating execution plan...
2026-02-06 19:19:28,657 | INFO | Plan generated successfully
2026-02-06 19:19:28,657 | INFO | Executing DAG-based multi-agent workflow...
2026-02-06 19:19:28,657 | INFO | Executing Researcher task...
2026-02-06 19:19:37,790 | INFO | [CONFIDENCE] Researcher: 0.50
2026-02-06 19:19:37,791 | WARNING | [LOW CONFIDENCE] Researcher: 0.50
2026-02-06 19:19:37,951 | INFO | Executing Analyst task...
2026-02-06 19:19:46,203 | INFO | [CONFIDENCE] Analyst: 0.50
2026-02-06 19:19:46,204 | WARNING | [LOW CONFIDENCE] Analyst: 0.50
2026-02-06 19:19:46,476 | INFO | Executing Coder task...
2026-02-06 19:20:03,656 | INFO | [CONFIDENCE] Coder: 0.50
2026-02-06 19:20:03,657 | WARNING | [LOW CONFIDENCE] Coder: 0.50
2026-02-06 19:20:03,872 | INFO | Executing Critic task...
2026-02-06 19:20:16,123 | INFO | [CONFIDENCE] Critic: 0.50
2026-02-06 19:20:16,124 | WARNING | [LOW CONFIDENCE] Critic: 0.50
2026-02-06 19:20:16,439 | INFO | Executing Optimizer task...
2026-02-06 19:20:30,827 | INFO | [CONFIDENCE] Optimizer: 0.50
2026-02-06 19:20:30,828 | WARNING | [LOW CONFIDENCE] Optimizer: 0.50
2026-02-06 19:20:31,087 | INFO | Executing Validator task...
2026-02-06 19:20:42,507 | INFO | [CONFIDENCE] Validator: 0.50
2026-02-06 19:20:42,508 | WARNING | [LOW CONFIDENCE] Validator: 0.50
2026-02-06 19:20:42,746 | WARNING | Validation failed. Retrying optimization (1)...
2026-02-06 19:42:29,298 | INFO | Planner generating execution plan...
2026-02-06 19:42:31,703 | INFO | Plan generated successfully
2026-02-06 19:42:31,703 | INFO | Executing DAG-based multi-agent workflow...
2026-02-06 19:42:31,703 | INFO | Executing Researcher task...
2026-02-06 19:42:40,606 | WARNING | Researcher did not provide valid confidence. Retrying...
2026-02-06 19:42:47,426 | WARNING | Researcher did not provide valid confidence. Retrying...
2026-02-06 19:42:47,427 | ERROR | Researcher violated confidence contract. Assigned confidence=0.3
2026-02-06 19:42:47,427 | INFO | [CONFIDENCE] Researcher: 0.30
2026-02-06 19:42:47,427 | WARNING | [LOW CONFIDENCE] Researcher: 0.30
2026-02-06 19:42:47,700 | INFO | Executing Analyst task...
2026-02-06 19:42:55,449 | INFO | [CONFIDENCE] Analyst: 0.93
2026-02-06 19:42:55,593 | INFO | Executing Coder task...
2026-02-06 19:43:15,012 | WARNING | Coder did not provide valid confidence. Retrying...
2026-02-06 19:44:25,173 | WARNING | Coder did not provide valid confidence. Retrying...
2026-02-06 19:44:25,174 | ERROR | Coder violated confidence contract. Assigned confidence=0.3
2026-02-06 19:44:25,174 | INFO | [CONFIDENCE] Coder: 0.30
2026-02-06 19:44:25,175 | WARNING | [LOW CONFIDENCE] Coder: 0.30
2026-02-06 19:44:25,552 | INFO | Executing Critic task...
2026-02-06 19:44:36,442 | INFO | [CONFIDENCE] Critic: 0.84
2026-02-06 19:44:36,649 | INFO | Executing Optimizer task...
2026-02-06 19:44:50,176 | WARNING | Optimizer did not provide valid confidence. Retrying...
2026-02-06 19:45:33,245 | WARNING | Optimizer did not provide valid confidence. Retrying...
2026-02-06 19:45:33,247 | ERROR | Optimizer violated confidence contract. Assigned confidence=0.3
2026-02-06 19:45:33,247 | INFO | [CONFIDENCE] Optimizer: 0.30
2026-02-06 19:45:33,247 | WARNING | [LOW CONFIDENCE] Optimizer: 0.30
2026-02-06 19:45:33,592 | INFO | Executing Validator task...
2026-02-06 19:45:45,031 | WARNING | Validator did not provide valid confidence. Retrying...
2026-02-06 19:46:19,839 | WARNING | Validator did not provide valid confidence. Retrying...
2026-02-06 19:46:19,840 | ERROR | Validator violated confidence contract. Assigned confidence=0.3
2026-02-06 19:46:19,841 | INFO | [CONFIDENCE] Validator: 0.30
2026-02-06 19:46:19,841 | WARNING | [LOW CONFIDENCE] Validator: 0.30
2026-02-06 19:46:20,302 | WARNING | Validation failed. Retrying optimization (1)...
2026-02-06 19:56:34,184 | INFO | Planner generating execution plan...
2026-02-06 19:56:36,646 | INFO | Plan generated successfully
2026-02-06 19:56:36,646 | INFO | Executing DAG-based multi-agent workflow...
2026-02-06 19:56:36,646 | INFO | Executing Researcher...
2026-02-06 19:56:45,312 | WARNING | Researcher did not return valid CONFIDENCE. Retrying...
2026-02-06 19:56:54,981 | WARNING | Researcher did not return valid CONFIDENCE. Retrying...
2026-02-06 19:56:54,982 | ERROR | Researcher violated confidence contract. Assigned fallback CONFIDENCE=0.3
2026-02-06 19:56:54,982 | INFO | [CONFIDENCE] Researcher: 0.30
2026-02-06 19:56:54,982 | WARNING | [LOW CONFIDENCE] Researcher: 0.30
2026-02-06 19:56:55,245 | INFO | Executing Analyst...
2026-02-06 19:57:02,869 | INFO | [CONFIDENCE] Analyst: 0.93
2026-02-06 19:57:03,064 | INFO | Executing Coder...
2026-02-06 19:57:25,535 | INFO | [CONFIDENCE] Coder: 0.78
2026-02-06 19:57:25,785 | INFO | Executing Critic...
2026-02-06 19:57:38,672 | WARNING | Critic did not return valid CONFIDENCE. Retrying...
2026-02-06 19:58:20,374 | WARNING | Critic did not return valid CONFIDENCE. Retrying...
2026-02-06 19:58:20,375 | ERROR | Critic violated confidence contract. Assigned fallback CONFIDENCE=0.3
2026-02-06 19:58:20,375 | INFO | [CONFIDENCE] Critic: 0.30
2026-02-06 19:58:20,375 | WARNING | [LOW CONFIDENCE] Critic: 0.30
2026-02-06 19:58:20,901 | INFO | Executing Optimizer...
2026-02-06 19:58:33,660 | INFO | [CONFIDENCE] Optimizer: 0.84
2026-02-06 19:58:33,901 | INFO | Executing Validator...
2026-02-06 19:58:45,642 | WARNING | Validator did not return valid CONFIDENCE. Retrying...
2026-02-06 19:59:22,588 | WARNING | Validator did not return valid CONFIDENCE. Retrying...
2026-02-06 19:59:22,590 | ERROR | Validator violated confidence contract. Assigned fallback CONFIDENCE=0.3
2026-02-06 19:59:22,590 | INFO | [CONFIDENCE] Validator: 0.30
2026-02-06 19:59:22,590 | WARNING | [LOW CONFIDENCE] Validator: 0.30
2026-02-06 19:59:22,940 | INFO | Final agent confidence summary:
2026-02-06 19:59:22,941 | INFO |   - Researcher: 0.30
2026-02-06 19:59:22,941 | INFO |   - Analyst: 0.93
2026-02-06 19:59:22,941 | INFO |   - Coder: 0.78
2026-02-06 19:59:22,941 | INFO |   - Critic: 0.30
2026-02-06 19:59:22,941 | INFO |   - Optimizer: 0.84
2026-02-06 19:59:22,941 | INFO |   - Validator: 0.30
2026-02-06 19:59:22,941 | INFO | Executing Reporter (Final Compilation)...
2026-02-06 19:59:47,272 | INFO | Reporter output saved -> outputs/give_me_a_complete_executable_plan_to_start_a_spectacles_business_in_noida.md
