2026-02-03 00:43:35,146 | INFO | Planner generating execution plan...
2026-02-03 00:43:38,561 | INFO | Plan Generated Successfully
2026-02-03 00:43:38,561 | INFO | Executing tasks with Semantic Memory...
2026-02-03 00:43:38,561 | INFO | Executing Researcher task...
2026-02-03 00:43:52,139 | INFO | Executing Analyst task...
2026-02-03 00:44:00,229 | INFO | Executing Coder task...
2026-02-03 00:44:10,278 | INFO | Executing Optimizer task...
2026-02-03 00:44:23,020 | INFO | Executing Critic task...
2026-02-03 00:44:30,824 | INFO | Executing Validator task...
2026-02-03 00:44:44,862 | INFO | Executing Reporter (Final Compilation)...
2026-02-03 00:52:58,416 | INFO | Planner generating execution plan...
2026-02-03 00:53:00,811 | INFO | Plan Generated Successfully
2026-02-03 00:53:00,811 | INFO | Executing tasks with Semantic Memory...
2026-02-03 00:53:00,811 | INFO | Executing Researcher task...
2026-02-03 00:53:12,674 | INFO | Executing Analyst task...
2026-02-03 00:53:20,393 | INFO | Executing Coder task...
2026-02-03 00:53:28,946 | INFO | Executing Critic task...
2026-02-03 00:53:36,984 | INFO | Executing Optimizer task...
2026-02-03 00:53:46,183 | INFO | Executing Validator task...
2026-02-03 00:53:51,770 | INFO | Executing Reporter (Final Compilation)...
2026-02-03 00:54:14,644 | INFO | Reporter output saved -> outputs/give_me_a_start_up_plan_in_the_AI_sector_to_build_in_India_within_the_next_2_years..md
2026-02-03 19:19:51,723 | INFO | Planner generating execution plan...
2026-02-03 19:19:53,448 | INFO | Plan generated successfully
2026-02-03 19:19:53,449 | INFO | Executing tasks with Semantic Memory...
2026-02-03 19:19:53,449 | INFO | Executing Researcher task...
2026-02-03 19:20:06,280 | INFO | Executing Analyst task...
2026-02-03 19:20:11,932 | INFO | Executing Coder task...
2026-02-03 19:20:24,799 | INFO | Executing Optimizer task...
2026-02-03 19:20:34,932 | INFO | Executing Validator task...
2026-02-03 19:20:44,016 | INFO | Executing Reporter (Final Compilation)...
2026-02-03 19:21:07,311 | INFO | Reporter output saved -> outputs/design_a_rag_pipeline_for_20k_documents.md
2026-02-03 19:22:42,301 | INFO | Planner generating execution plan...
2026-02-03 19:22:44,081 | INFO | Plan generated successfully
2026-02-03 19:22:44,082 | INFO | Executing tasks with Semantic Memory...
2026-02-03 19:22:44,082 | INFO | Executing Researcher task...
2026-02-03 19:22:54,384 | INFO | Executing Researcher task...
2026-02-03 19:23:08,963 | INFO | Executing Analyst task...
2026-02-03 19:23:15,569 | INFO | Executing Analyst task...
2026-02-03 19:23:46,412 | INFO | Executing Critic task...
2026-02-03 19:23:52,658 | INFO | Executing Optimizer task...
2026-02-03 19:24:02,341 | INFO | Executing Reporter (Final Compilation)...
2026-02-03 19:24:21,151 | INFO | Reporter output saved -> outputs/design_a_startup_in_the_healthcare_sector.md
2026-02-03 19:28:49,063 | INFO | Planner generating execution plan...
2026-02-03 19:28:50,876 | INFO | Plan generated successfully
2026-02-03 19:28:50,876 | INFO | Executing tasks with Semantic Memory...
2026-02-03 19:28:50,876 | INFO | Executing Researcher task...
2026-02-03 19:29:01,011 | INFO | Executing Analyst task...
2026-02-03 19:29:11,383 | INFO | Executing Coder task...
2026-02-03 19:29:24,506 | INFO | Executing Critic task...
2026-02-03 19:29:33,999 | INFO | Executing Optimizer task...
2026-02-03 19:29:44,002 | INFO | Executing Validator task...
2026-02-03 19:29:53,993 | INFO | Executing Reporter (Final Compilation)...
2026-02-03 19:30:18,456 | INFO | Reporter output saved -> outputs/design_a_startup_plan_in_architecture.md
